> Task :clean UP-TO-DATE
> Task :app:clean
> Task :app:preBuild UP-TO-DATE
> Task :app:preDebugBuild UP-TO-DATE
> Task :app:mergeDebugNativeDebugMetadata NO-SOURCE
> Task :app:checkKotlinGradlePluginConfigurationErrors
> Task :app:extractDebugProto
> Task :app:extractIncludeDebugProto FAILED
.\gradlew.bat : 
위치 줄:1 문자:1
+ .\gradlew.bat clean build --stacktrace > build_output.txt 2>&1
+ ~~~~~~~~~~~~~~~~~~~~~~~~~~~~~~~~~~~~~~~~~~~~~~~~~~~~~~~~~~~~~~
    + CategoryInfo          : NotSpecified: (:String) [], RemoteException
    + FullyQualifiedErrorId : NativeCommandError
 
FAILURE: Build failed with an exception.

* What went wrong:
Execution failed for task ':app:extractIncludeDebugProto'.
> Could not resolve all dependencies for configuration ':app:debugCompileClasspath'.
   > Configuration `:app:debugRuntimeClasspath` contains AndroidX dependencies, but the `android.useAndroidX` property 
is not enabled, which may cause runtime issues.
     Set `android.useAndroidX=true` in the `gradle.properties` file and retry.
     The following AndroidX dependencies are detected:
     :app:debugRuntimeClasspath -> androidx.core:core-ktx:1.12.0
     :app:debugRuntimeClasspath -> androidx.activity:activity-compose:1.8.1 -> androidx.activity:activity-ktx:1.8.1 -> 
androidx.activity:activity:1.8.1 -> androidx.annotation:annotation:1.6.0
     :app:debugRuntimeClasspath -> androidx.activity:activity-compose:1.8.1 -> androidx.activity:activity-ktx:1.8.1 -> 
androidx.activity:activity:1.8.1 -> androidx.annotation:annotation:1.6.0 -> androidx.annotation:annotation-jvm:1.6.0
     :app:debugRuntimeClasspath -> androidx.activity:activity-compose:1.8.1 -> androidx.activity:activity-ktx:1.8.1 -> 
androidx.activity:activity:1.8.1 -> androidx.core:core:1.12.0
     :app:debugRuntimeClasspath -> androidx.activity:activity-compose:1.8.1 -> androidx.activity:activity-ktx:1.8.1 -> 
androidx.activity:activity:1.8.1 -> androidx.core:core:1.12.0 -> androidx.annotation:annotation-experimental:1.3.0
     :app:debugRuntimeClasspath -> androidx.activity:activity-compose:1.8.1 -> androidx.activity:activity-ktx:1.8.1 -> 
androidx.activity:activity:1.8.1 -> androidx.collection:collection:1.1.0
     :app:debugRuntimeClasspath -> androidx.activity:activity-compose:1.8.1 -> androidx.activity:activity-ktx:1.8.1 -> 
androidx.activity:activity:1.8.1 -> androidx.core:core:1.12.0 -> androidx.concurrent:concurrent-futures:1.1.0
     :app:debugRuntimeClasspath -> androidx.activity:activity-compose:1.8.1 -> androidx.activity:activity-ktx:1.8.1 -> 
androidx.activity:activity:1.8.1 -> androidx.core:core:1.12.0 -> androidx.interpolator:interpolator:1.0.0
     :app:debugRuntimeClasspath -> androidx.compose.material3:material3:1.1.2 -> androidx.lifecycle:lifecycle-runtime:2
.6.2
     :app:debugRuntimeClasspath -> androidx.compose:compose-bom:2023.10.01 -> androidx.compose.foundation:foundation-an
droid:1.5.4 -> androidx.emoji2:emoji2:1.4.0 -> androidx.lifecycle:lifecycle-process:2.6.2 -> androidx.lifecycle:lifecyc
le-livedata-core:2.6.2 -> androidx.arch.core:core-common:2.2.0
     :app:debugRuntimeClasspath -> androidx.compose:compose-bom:2023.10.01 -> androidx.compose.foundation:foundation-an
droid:1.5.4 -> androidx.emoji2:emoji2:1.4.0 -> androidx.lifecycle:lifecycle-process:2.6.2 -> androidx.lifecycle:lifecyc
le-livedata-core:2.6.2 -> androidx.arch.core:core-runtime:2.2.0
     :app:debugRuntimeClasspath -> androidx.compose:compose-bom:2023.10.01 -> androidx.compose.foundation:foundation-an
droid:1.5.4 -> androidx.emoji2:emoji2:1.4.0 -> androidx.lifecycle:lifecycle-process:2.6.2 -> androidx.lifecycle:lifecyc
le-common:2.6.2
     :app:debugRuntimeClasspath -> androidx.compose.material3:material3:1.1.2 -> androidx.lifecycle:lifecycle-common-ja
va8:2.6.2
     :app:debugRuntimeClasspath -> androidx.lifecycle:lifecycle-runtime-ktx:2.6.2
     :app:debugRuntimeClasspath -> androidx.lifecycle:lifecycle-service:2.6.2
     :app:debugRuntimeClasspath -> androidx.compose.material3:material3:1.1.2 -> androidx.lifecycle:lifecycle-viewmodel
:2.6.2
     :app:debugRuntimeClasspath -> androidx.activity:activity-compose:1.8.1 -> androidx.activity:activity:1.8.1 -> andr
oidx.activity:activity-ktx:1.8.1 -> androidx.lifecycle:lifecycle-viewmodel-ktx:2.6.2
     :app:debugRuntimeClasspath -> androidx.activity:activity-compose:1.8.1 -> androidx.activity:activity-ktx:1.8.1 -> 
androidx.activity:activity:1.8.1 -> androidx.lifecycle:lifecycle-viewmodel-savedstate:2.6.2
     :app:debugRuntimeClasspath -> androidx.compose:compose-bom:2023.10.01 -> androidx.compose.foundation:foundation-an
droid:1.5.4 -> androidx.emoji2:emoji2:1.4.0 -> androidx.lifecycle:lifecycle-process:2.6.2 -> androidx.lifecycle:lifecyc
le-livedata-core:2.6.2
     :app:debugRuntimeClasspath -> androidx.compose:compose-bom:2023.10.01 -> androidx.compose.foundation:foundation-an
droid:1.5.4 -> androidx.emoji2:emoji2:1.4.0 -> androidx.lifecycle:lifecycle-process:2.6.2
     :app:debugRuntimeClasspath -> androidx.compose:compose-bom:2023.10.01 -> androidx.compose.foundation:foundation-an
droid:1.5.4 -> androidx.emoji2:emoji2:1.4.0 -> androidx.startup:startup-runtime:1.1.1
     :app:debugRuntimeClasspath -> androidx.activity:activity-compose:1.8.1 -> androidx.activity:activity-ktx:1.8.1 -> 
androidx.activity:activity:1.8.1 -> androidx.tracing:tracing:1.0.0
     :app:debugRuntimeClasspath -> androidx.activity:activity-compose:1.8.1 -> androidx.activity:activity-ktx:1.8.1 -> 
androidx.activity:activity:1.8.1 -> androidx.savedstate:savedstate:1.2.1
     :app:debugRuntimeClasspath -> androidx.compose.material3:material3:1.1.2 -> androidx.savedstate:savedstate-ktx:1.2
.1
     :app:debugRuntimeClasspath -> androidx.activity:activity-compose:1.8.1 -> androidx.activity:activity-ktx:1.8.1 -> 
androidx.activity:activity:1.8.1 -> androidx.profileinstaller:profileinstaller:1.3.0
     :app:debugRuntimeClasspath -> androidx.activity:activity-compose:1.8.1 -> androidx.activity:activity-ktx:1.8.1 -> 
androidx.activity:activity:1.8.1 -> androidx.core:core:1.12.0 -> androidx.versionedparcelable:versionedparcelable:1.1.1
     :app:debugRuntimeClasspath -> androidx.activity:activity-compose:1.8.1
     :app:debugRuntimeClasspath -> androidx.activity:activity-compose:1.8.1 -> androidx.activity:activity:1.8.1 -> andr
oidx.activity:activity-ktx:1.8.1
     :app:debugRuntimeClasspath -> androidx.activity:activity-compose:1.8.1 -> androidx.activity:activity-ktx:1.8.1 -> 
androidx.activity:activity:1.8.1
     :app:debugRuntimeClasspath -> androidx.compose:compose-bom:2023.10.01 -> androidx.compose.runtime:runtime:1.5.4
     :app:debugRuntimeClasspath -> androidx.compose:compose-bom:2023.10.01 -> androidx.compose.runtime:runtime-android:
1.5.4
     :app:debugRuntimeClasspath -> androidx.compose:compose-bom:2023.10.01 -> androidx.compose.runtime:runtime-saveable
:1.5.4
     :app:debugRuntimeClasspath -> androidx.compose:compose-bom:2023.10.01 -> androidx.compose.runtime:runtime-saveable
-android:1.5.4
     :app:debugRuntimeClasspath -> androidx.compose.ui:ui:1.5.4
     :app:debugRuntimeClasspath -> androidx.compose:compose-bom:2023.10.01 -> androidx.compose.ui:ui-android:1.5.4
     :app:debugRuntimeClasspath -> androidx.compose:compose-bom:2023.10.01 -> androidx.compose.ui:ui-android:1.5.4 -> a
ndroidx.autofill:autofill:1.0.0
     :app:debugRuntimeClasspath -> androidx.compose:compose-bom:2023.10.01 -> androidx.compose.ui:ui-geometry:1.5.4
     :app:debugRuntimeClasspath -> androidx.compose:compose-bom:2023.10.01 -> androidx.compose.ui:ui-geometry-android:1
.5.4
     :app:debugRuntimeClasspath -> androidx.compose:compose-bom:2023.10.01 -> androidx.compose.ui:ui-util:1.5.4
     :app:debugRuntimeClasspath -> androidx.compose:compose-bom:2023.10.01 -> androidx.compose.ui:ui-util-android:1.5.4
     :app:debugRuntimeClasspath -> androidx.compose.ui:ui-graphics:1.5.4
     :app:debugRuntimeClasspath -> androidx.compose:compose-bom:2023.10.01 -> androidx.compose.ui:ui-graphics-android:1
.5.4
     :app:debugRuntimeClasspath -> androidx.compose:compose-bom:2023.10.01 -> androidx.compose.ui:ui-unit:1.5.4
     :app:debugRuntimeClasspath -> androidx.compose:compose-bom:2023.10.01 -> androidx.compose.ui:ui-unit-android:1.5.4
     :app:debugRuntimeClasspath -> androidx.compose:compose-bom:2023.10.01 -> androidx.compose.ui:ui-text:1.5.4
     :app:debugRuntimeClasspath -> androidx.compose:compose-bom:2023.10.01 -> androidx.compose.ui:ui-text-android:1.5.4
     :app:debugRuntimeClasspath -> androidx.compose:compose-bom:2023.10.01 -> androidx.compose.foundation:foundation-an
droid:1.5.4 -> androidx.emoji2:emoji2:1.4.0
     :app:debugRuntimeClasspath -> androidx.compose.ui:ui-tooling-preview:1.5.4
     :app:debugRuntimeClasspath -> androidx.compose:compose-bom:2023.10.01 -> androidx.compose.ui:ui-tooling-preview-an
droid:1.5.4
     :app:debugRuntimeClasspath -> androidx.compose:compose-bom:2023.10.01 -> androidx.compose.ui:ui-android:1.5.4 -> a
ndroidx.customview:customview-poolingcontainer:1.0.0
     :app:debugRuntimeClasspath -> androidx.compose:compose-bom:2023.10.01 -> androidx.compose.foundation:foundation:1.
5.4
     :app:debugRuntimeClasspath -> androidx.compose:compose-bom:2023.10.01 -> androidx.compose.foundation:foundation-an
droid:1.5.4
     :app:debugRuntimeClasspath -> androidx.compose:compose-bom:2023.10.01 -> androidx.compose.animation:animation:1.5.
4
     :app:debugRuntimeClasspath -> androidx.compose:compose-bom:2023.10.01 -> androidx.compose.animation:animation-andr
oid:1.5.4
     :app:debugRuntimeClasspath -> androidx.compose:compose-bom:2023.10.01 -> androidx.compose.animation:animation-core
:1.5.4
     :app:debugRuntimeClasspath -> androidx.compose:compose-bom:2023.10.01 -> androidx.compose.animation:animation-core
-android:1.5.4
     :app:debugRuntimeClasspath -> androidx.compose:compose-bom:2023.10.01 -> androidx.compose.foundation:foundation-la
yout:1.5.4
     :app:debugRuntimeClasspath -> androidx.compose:compose-bom:2023.10.01 -> androidx.compose.foundation:foundation-la
yout-android:1.5.4
     :app:debugRuntimeClasspath -> androidx.compose:compose-bom:2023.10.01
     :app:debugRuntimeClasspath -> androidx.compose.material3:material3:1.1.2
     :app:debugRuntimeClasspath -> androidx.compose:compose-bom:2023.10.01 -> androidx.compose.material:material-icons-
core:1.5.4
     :app:debugRuntimeClasspath -> androidx.compose:compose-bom:2023.10.01 -> androidx.compose.material:material-icons-
core-android:1.5.4
     :app:debugRuntimeClasspath -> androidx.compose:compose-bom:2023.10.01 -> androidx.compose.material:material-ripple
:1.5.4
     :app:debugRuntimeClasspath -> androidx.compose:compose-bom:2023.10.01 -> androidx.compose.material:material-ripple
-android:1.5.4

* Try:
> Run with --info or --debug option to get more log output.
> Run with --scan to get full insights.
> Get more help at https://help.gradle.org.

* Exception is:
org.gradle.api.tasks.TaskExecutionException: Execution failed for task ':app:extractIncludeDebugProto'.
	at org.gradle.api.internal.tasks.execution.CatchExceptionTaskExecuter.execute(CatchExceptionTaskExecuter.java:38)
	at org.gradle.api.internal.tasks.execution.EventFiringTaskExecuter$1.executeTask(EventFiringTaskExecuter.java:77)
	at org.gradle.api.internal.tasks.execution.EventFiringTaskExecuter$1.call(EventFiringTaskExecuter.java:55)
	at org.gradle.api.internal.tasks.execution.EventFiringTaskExecuter$1.call(EventFiringTaskExecuter.java:52)
	at org.gradle.internal.operations.DefaultBuildOperationRunner$CallableBuildOperationWorker.execute(DefaultBuildOperati
onRunner.java:200)
	at org.gradle.internal.operations.DefaultBuildOperationRunner$CallableBuildOperationWorker.execute(DefaultBuildOperati
onRunner.java:195)
	at org.gradle.internal.operations.DefaultBuildOperationRunner$2.execute(DefaultBuildOperationRunner.java:66)
	at org.gradle.internal.operations.DefaultBuildOperationRunner$2.execute(DefaultBuildOperationRunner.java:59)
	at org.gradle.internal.operations.DefaultBuildOperationRunner.execute(DefaultBuildOperationRunner.java:157)
	at org.gradle.internal.operations.DefaultBuildOperationRunner.execute(DefaultBuildOperationRunner.java:59)
	at org.gradle.internal.operations.DefaultBuildOperationRunner.call(DefaultBuildOperationRunner.java:53)
	at org.gradle.internal.operations.DefaultBuildOperationExecutor.call(DefaultBuildOperationExecutor.java:73)
	at org.gradle.api.internal.tasks.execution.EventFiringTaskExecuter.execute(EventFiringTaskExecuter.java:52)
	at org.gradle.execution.plan.LocalTaskNodeExecutor.execute(LocalTaskNodeExecutor.java:42)
	at org.gradle.execution.taskgraph.DefaultTaskExecutionGraph$InvokeNodeExecutorsAction.execute(DefaultTaskExecutionGrap
h.java:331)
	at org.gradle.execution.taskgraph.DefaultTaskExecutionGraph$InvokeNodeExecutorsAction.execute(DefaultTaskExecutionGrap
h.java:318)
	at org.gradle.execution.taskgraph.DefaultTaskExecutionGraph$BuildOperationAwareExecutionAction.lambda$execute$0(Defaul
tTaskExecutionGraph.java:314)
	at org.gradle.internal.operations.CurrentBuildOperationRef.with(CurrentBuildOperationRef.java:80)
	at org.gradle.execution.taskgraph.DefaultTaskExecutionGraph$BuildOperationAwareExecutionAction.execute(DefaultTaskExec
utionGraph.java:314)
	at org.gradle.execution.taskgraph.DefaultTaskExecutionGraph$BuildOperationAwareExecutionAction.execute(DefaultTaskExec
utionGraph.java:303)
	at org.gradle.execution.plan.DefaultPlanExecutor$ExecutorWorker.execute(DefaultPlanExecutor.java:463)
	at org.gradle.execution.plan.DefaultPlanExecutor$ExecutorWorker.run(DefaultPlanExecutor.java:380)
	at org.gradle.internal.concurrent.ExecutorPolicy$CatchAndRecordFailures.onExecute(ExecutorPolicy.java:64)
	at org.gradle.internal.concurrent.AbstractManagedExecutor$1.run(AbstractManagedExecutor.java:47)
Caused by: org.gradle.api.internal.artifacts.ivyservice.DefaultLenientConfiguration$ArtifactResolveException: Could not
 resolve all dependencies for configuration ':app:debugCompileClasspath'.
	at org.gradle.api.internal.artifacts.ResolveExceptionContextualizer.mapFailure(ResolveExceptionContextualizer.java:81)
	at org.gradle.api.internal.artifacts.ResolveExceptionContextualizer.contextualize(ResolveExceptionContextualizer.java:
64)
	at org.gradle.api.internal.artifacts.configurations.DefaultConfiguration$1.call(DefaultConfiguration.java:752)
	at org.gradle.api.internal.artifacts.configurations.DefaultConfiguration$1.call(DefaultConfiguration.java:739)
	at org.gradle.internal.operations.DefaultBuildOperationRunner$CallableBuildOperationWorker.execute(DefaultBuildOperati
onRunner.java:200)
	at org.gradle.internal.operations.DefaultBuildOperationRunner$CallableBuildOperationWorker.execute(DefaultBuildOperati
onRunner.java:195)
	at org.gradle.internal.operations.DefaultBuildOperationRunner$2.execute(DefaultBuildOperationRunner.java:66)
	at org.gradle.internal.operations.DefaultBuildOperationRunner$2.execute(DefaultBuildOperationRunner.java:59)
	at org.gradle.internal.operations.DefaultBuildOperationRunner.execute(DefaultBuildOperationRunner.java:157)
	at org.gradle.internal.operations.DefaultBuildOperationRunner.execute(DefaultBuildOperationRunner.java:59)
	at org.gradle.internal.operations.DefaultBuildOperationRunner.call(DefaultBuildOperationRunner.java:53)
	at org.gradle.internal.operations.DefaultBuildOperationExecutor.call(DefaultBuildOperationExecutor.java:73)
	at org.gradle.api.internal.artifacts.configurations.DefaultConfiguration.resolveGraphInBuildOperation(DefaultConfigura
tion.java:739)
	at org.gradle.api.internal.artifacts.configurations.DefaultConfiguration.lambda$resolveExclusivelyIfRequired$6(Default
Configuration.java:731)
	at org.gradle.api.internal.project.DefaultProjectStateRegistry$CalculatedModelValueImpl.update(DefaultProjectStateRegi
stry.java:505)
	at org.gradle.api.internal.artifacts.configurations.DefaultConfiguration.resolveExclusivelyIfRequired(DefaultConfigura
tion.java:723)
	at org.gradle.api.internal.artifacts.configurations.DefaultConfiguration.resolveGraphIfRequired(DefaultConfiguration.j
ava:716)
	at org.gradle.api.internal.artifacts.configurations.DefaultConfiguration.access$500(DefaultConfiguration.java:154)
	at org.gradle.api.internal.artifacts.configurations.DefaultConfiguration$ResolverResultsResolutionResultProvider.getVa
lue(DefaultConfiguration.java:690)
	at org.gradle.api.internal.artifacts.configurations.DefaultConfiguration$ResolverResultsResolutionResultProvider.getVa
lue(DefaultConfiguration.java:651)
	at org.gradle.api.internal.artifacts.configurations.ResolutionResultProvider$1.getValue(ResolutionResultProvider.java:
53)
	at org.gradle.api.internal.artifacts.configurations.ResolutionBackedFileCollection.getSelectedArtifacts(ResolutionBack
edFileCollection.java:95)
	at org.gradle.api.internal.artifacts.configurations.ResolutionBackedFileCollection.visitContents(ResolutionBackedFileC
ollection.java:73)
	at org.gradle.api.internal.file.AbstractFileCollection.visitStructure(AbstractFileCollection.java:361)
	at org.gradle.api.internal.file.CompositeFileCollection.lambda$visitContents$0(CompositeFileCollection.java:113)
	at org.gradle.api.internal.file.collections.UnpackingVisitor.add(UnpackingVisitor.java:67)
	at org.gradle.api.internal.file.collections.DefaultConfigurableFileCollection$UnresolvedItemsCollector.visitContents(D
efaultConfigurableFileCollection.java:593)
	at org.gradle.api.internal.file.collections.DefaultConfigurableFileCollection.visitChildren(DefaultConfigurableFileCol
lection.java:440)
	at org.gradle.api.internal.file.CompositeFileCollection.visitContents(CompositeFileCollection.java:113)
	at org.gradle.api.internal.file.AbstractFileCollection.getFiles(AbstractFileCollection.java:124)
	at org.gradle.api.internal.file.AbstractFileCollection.iterator(AbstractFileCollection.java:165)
	at org.gradle.api.internal.file.FilteredFileCollection.iterator(FilteredFileCollection.java:79)
	at org.gradle.api.internal.file.FileCollectionBackedFileTree$2.visitCollection(FileCollectionBackedFileTree.java:102)
	at org.gradle.api.internal.file.AbstractFileCollection.visitContents(AbstractFileCollection.java:366)
	at org.gradle.api.internal.file.AbstractFileCollection.visitStructure(AbstractFileCollection.java:361)
	at org.gradle.api.internal.file.CompositeFileCollection.lambda$visitContents$0(CompositeFileCollection.java:113)
	at org.gradle.api.internal.file.collections.UnpackingVisitor.add(UnpackingVisitor.java:67)
	at org.gradle.api.internal.file.collections.DefaultConfigurableFileCollection$UnresolvedItemsCollector.visitContents(D
efaultConfigurableFileCollection.java:593)
	at org.gradle.api.internal.file.collections.DefaultConfigurableFileCollection.visitChildren(DefaultConfigurableFileCol
lection.java:440)
	at org.gradle.api.internal.file.CompositeFileCollection.visitContents(CompositeFileCollection.java:113)
	at org.gradle.api.internal.file.AbstractFileCollection.visitStructure(AbstractFileCollection.java:361)
	at org.gradle.api.internal.file.FileCollectionBackedFileTree.visitContents(FileCollectionBackedFileTree.java:96)
	at org.gradle.api.internal.file.FileCollectionBackedFileTree.visitContentsAsFileTrees(FileCollectionBackedFileTree.jav
a:76)
	at org.gradle.api.internal.file.FilteredFileTree.visitChildren(FilteredFileTree.java:67)
	at org.gradle.api.internal.file.CompositeFileCollection.visitContents(CompositeFileCollection.java:113)
	at org.gradle.api.internal.file.AbstractFileCollection.visitStructure(AbstractFileCollection.java:361)
	at org.gradle.api.internal.file.CompositeFileCollection.lambda$visitContents$0(CompositeFileCollection.java:113)
	at org.gradle.api.internal.file.collections.UnpackingVisitor.add(UnpackingVisitor.java:67)
	at org.gradle.api.internal.file.collections.UnpackingVisitor.add(UnpackingVisitor.java:92)
	at org.gradle.api.internal.file.DefaultFileCollectionFactory$ResolvingFileCollection.visitChildren(DefaultFileCollecti
onFactory.java:285)
	at org.gradle.api.internal.file.CompositeFileCollection.visitContents(CompositeFileCollection.java:113)
	at org.gradle.api.internal.file.AbstractFileCollection.visitStructure(AbstractFileCollection.java:361)
	at org.gradle.api.internal.file.CompositeFileCollection.lambda$visitContents$0(CompositeFileCollection.java:113)
	at org.gradle.api.internal.tasks.PropertyFileCollection.visitChildren(PropertyFileCollection.java:48)
	at org.gradle.api.internal.file.CompositeFileCollection.visitContents(CompositeFileCollection.java:113)
	at org.gradle.api.internal.file.AbstractFileCollection.visitStructure(AbstractFileCollection.java:361)
	at org.gradle.internal.fingerprint.impl.DefaultFileCollectionSnapshotter.snapshot(DefaultFileCollectionSnapshotter.jav
a:47)
	at org.gradle.internal.execution.impl.DefaultInputFingerprinter$InputCollectingVisitor.visitInputFileProperty(DefaultI
nputFingerprinter.java:133)
	at org.gradle.api.internal.tasks.execution.TaskExecution.visitRegularInputs(TaskExecution.java:324)
	at org.gradle.internal.execution.impl.DefaultInputFingerprinter.fingerprintInputProperties(DefaultInputFingerprinter.j
ava:63)
	at org.gradle.internal.execution.steps.AbstractCaptureStateBeforeExecutionStep.captureExecutionStateWithOutputs(Abstra
ctCaptureStateBeforeExecutionStep.java:109)
	at org.gradle.internal.execution.steps.AbstractCaptureStateBeforeExecutionStep.lambda$captureExecutionState$0(Abstract
CaptureStateBeforeExecutionStep.java:74)
	at org.gradle.internal.execution.steps.BuildOperationStep$1.call(BuildOperationStep.java:37)
	at org.gradle.internal.operations.DefaultBuildOperationRunner$CallableBuildOperationWorker.execute(DefaultBuildOperati
onRunner.java:200)
	at org.gradle.internal.operations.DefaultBuildOperationRunner$CallableBuildOperationWorker.execute(DefaultBuildOperati
onRunner.java:195)
	at org.gradle.internal.operations.DefaultBuildOperationRunner$2.execute(DefaultBuildOperationRunner.java:66)
	at org.gradle.internal.operations.DefaultBuildOperationRunner$2.execute(DefaultBuildOperationRunner.java:59)
	at org.gradle.internal.operations.DefaultBuildOperationRunner.execute(DefaultBuildOperationRunner.java:157)
	at org.gradle.internal.operations.DefaultBuildOperationRunner.execute(DefaultBuildOperationRunner.java:59)
	at org.gradle.internal.operations.DefaultBuildOperationRunner.call(DefaultBuildOperationRunner.java:53)
	at org.gradle.internal.operations.DefaultBuildOperationExecutor.call(DefaultBuildOperationExecutor.java:73)
	at org.gradle.internal.execution.steps.BuildOperationStep.operation(BuildOperationStep.java:34)
	at org.gradle.internal.execution.steps.AbstractCaptureStateBeforeExecutionStep.captureExecutionState(AbstractCaptureSt
ateBeforeExecutionStep.java:69)
	at org.gradle.internal.execution.steps.AbstractCaptureStateBeforeExecutionStep.execute(AbstractCaptureStateBeforeExecu
tionStep.java:62)
	at org.gradle.internal.execution.steps.AbstractCaptureStateBeforeExecutionStep.execute(AbstractCaptureStateBeforeExecu
tionStep.java:43)
	at org.gradle.internal.execution.steps.AbstractSkipEmptyWorkStep.executeWithNonEmptySources(AbstractSkipEmptyWorkStep.
java:125)
	at org.gradle.internal.execution.steps.AbstractSkipEmptyWorkStep.execute(AbstractSkipEmptyWorkStep.java:56)
	at org.gradle.internal.execution.steps.AbstractSkipEmptyWorkStep.execute(AbstractSkipEmptyWorkStep.java:36)
	at org.gradle.internal.execution.steps.legacy.MarkSnapshottingInputsStartedStep.execute(MarkSnapshottingInputsStartedS
tep.java:38)
	at org.gradle.internal.execution.steps.LoadPreviousExecutionStateStep.execute(LoadPreviousExecutionStateStep.java:36)
	at org.gradle.internal.execution.steps.LoadPreviousExecutionStateStep.execute(LoadPreviousExecutionStateStep.java:23)
	at org.gradle.internal.execution.steps.HandleStaleOutputsStep.execute(HandleStaleOutputsStep.java:75)
	at org.gradle.internal.execution.steps.HandleStaleOutputsStep.execute(HandleStaleOutputsStep.java:41)
	at org.gradle.internal.execution.steps.AssignMutableWorkspaceStep.lambda$execute$0(AssignMutableWorkspaceStep.java:35)
	at org.gradle.api.internal.tasks.execution.TaskExecution$4.withWorkspace(TaskExecution.java:289)
	at org.gradle.internal.execution.steps.AssignMutableWorkspaceStep.execute(AssignMutableWorkspaceStep.java:31)
	at org.gradle.internal.execution.steps.AssignMutableWorkspaceStep.execute(AssignMutableWorkspaceStep.java:22)
	at org.gradle.internal.execution.steps.ChoosePipelineStep.execute(ChoosePipelineStep.java:40)
	at org.gradle.internal.execution.steps.ChoosePipelineStep.execute(ChoosePipelineStep.java:23)
	at org.gradle.internal.execution.steps.ExecuteWorkBuildOperationFiringStep.lambda$execute$2(ExecuteWorkBuildOperationF
iringStep.java:67)
	at org.gradle.internal.execution.steps.ExecuteWorkBuildOperationFiringStep.execute(ExecuteWorkBuildOperationFiringStep
.java:67)
	at org.gradle.internal.execution.steps.ExecuteWorkBuildOperationFiringStep.execute(ExecuteWorkBuildOperationFiringStep
.java:39)
	at org.gradle.internal.execution.steps.IdentityCacheStep.execute(IdentityCacheStep.java:46)
	at org.gradle.internal.execution.steps.IdentityCacheStep.execute(IdentityCacheStep.java:34)
	at org.gradle.internal.execution.steps.IdentifyStep.execute(IdentifyStep.java:48)
	at org.gradle.internal.execution.steps.IdentifyStep.execute(IdentifyStep.java:35)
	at org.gradle.internal.execution.impl.DefaultExecutionEngine$1.execute(DefaultExecutionEngine.java:61)
	at org.gradle.api.internal.tasks.execution.ExecuteActionsTaskExecuter.executeIfValid(ExecuteActionsTaskExecuter.java:1
27)
	at org.gradle.api.internal.tasks.execution.ExecuteActionsTaskExecuter.execute(ExecuteActionsTaskExecuter.java:116)
	at org.gradle.api.internal.tasks.execution.FinalizePropertiesTaskExecuter.execute(FinalizePropertiesTaskExecuter.java:
46)
	at org.gradle.api.internal.tasks.execution.ResolveTaskExecutionModeExecuter.execute(ResolveTaskExecutionModeExecuter.j
ava:51)
	at org.gradle.api.internal.tasks.execution.SkipTaskWithNoActionsExecuter.execute(SkipTaskWithNoActionsExecuter.java:57
)
	at org.gradle.api.internal.tasks.execution.SkipOnlyIfTaskExecuter.execute(SkipOnlyIfTaskExecuter.java:74)
	at org.gradle.api.internal.tasks.execution.CatchExceptionTaskExecuter.execute(CatchExceptionTaskExecuter.java:36)
	at org.gradle.api.internal.tasks.execution.EventFiringTaskExecuter$1.executeTask(EventFiringTaskExecuter.java:77)
	at org.gradle.api.internal.tasks.execution.EventFiringTaskExecuter$1.call(EventFiringTaskExecuter.java:55)
	at org.gradle.api.internal.tasks.execution.EventFiringTaskExecuter$1.call(EventFiringTaskExecuter.java:52)
	at org.gradle.internal.operations.DefaultBuildOperationRunner$CallableBuildOperationWorker.execute(DefaultBuildOperati
onRunner.java:200)
	at org.gradle.internal.operations.DefaultBuildOperationRunner$CallableBuildOperationWorker.execute(DefaultBuildOperati
onRunner.java:195)
	at org.gradle.internal.operations.DefaultBuildOperationRunner$2.execute(DefaultBuildOperationRunner.java:66)
	at org.gradle.internal.operations.DefaultBuildOperationRunner$2.execute(DefaultBuildOperationRunner.java:59)
	at org.gradle.internal.operations.DefaultBuildOperationRunner.execute(DefaultBuildOperationRunner.java:157)
	at org.gradle.internal.operations.DefaultBuildOperationRunner.execute(DefaultBuildOperationRunner.java:59)
	at org.gradle.internal.operations.DefaultBuildOperationRunner.call(DefaultBuildOperationRunner.java:53)
	at org.gradle.internal.operations.DefaultBuildOperationExecutor.call(DefaultBuildOperationExecutor.java:73)
	at org.gradle.api.internal.tasks.execution.EventFiringTaskExecuter.execute(EventFiringTaskExecuter.java:52)
	at org.gradle.execution.plan.LocalTaskNodeExecutor.execute(LocalTaskNodeExecutor.java:42)
	at org.gradle.execution.taskgraph.DefaultTaskExecutionGraph$InvokeNodeExecutorsAction.execute(DefaultTaskExecutionGrap
h.java:331)
	at org.gradle.execution.taskgraph.DefaultTaskExecutionGraph$InvokeNodeExecutorsAction.execute(DefaultTaskExecutionGrap
h.java:318)
	at org.gradle.execution.taskgraph.DefaultTaskExecutionGraph$BuildOperationAwareExecutionAction.lambda$execute$0(Defaul
tTaskExecutionGraph.java:314)
	at org.gradle.internal.operations.CurrentBuildOperationRef.with(CurrentBuildOperationRef.java:80)
	at org.gradle.execution.taskgraph.DefaultTaskExecutionGraph$BuildOperationAwareExecutionAction.execute(DefaultTaskExec
utionGraph.java:314)
	at org.gradle.execution.taskgraph.DefaultTaskExecutionGraph$BuildOperationAwareExecutionAction.execute(DefaultTaskExec
utionGraph.java:303)
	at org.gradle.execution.plan.DefaultPlanExecutor$ExecutorWorker.execute(DefaultPlanExecutor.java:463)
	at org.gradle.execution.plan.DefaultPlanExecutor$ExecutorWorker.run(DefaultPlanExecutor.java:380)
	at org.gradle.internal.concurrent.ExecutorPolicy$CatchAndRecordFailures.onExecute(ExecutorPolicy.java:64)
	at org.gradle.internal.concurrent.AbstractManagedExecutor$1.run(AbstractManagedExecutor.java:47)
Caused by: com.android.builder.errors.EvalIssueException: Configuration `:app:debugRuntimeClasspath` contains AndroidX 
dependencies, but the `android.useAndroidX` property is not enabled, which may cause runtime issues.
Set `android.useAndroidX=true` in the `gradle.properties` file and retry.
The following AndroidX dependencies are detected:
:app:debugRuntimeClasspath -> androidx.core:core-ktx:1.12.0
:app:debugRuntimeClasspath -> androidx.activity:activity-compose:1.8.1 -> androidx.activity:activity-ktx:1.8.1 -> andro
idx.activity:activity:1.8.1 -> androidx.annotation:annotation:1.6.0
:app:debugRuntimeClasspath -> androidx.activity:activity-compose:1.8.1 -> androidx.activity:activity-ktx:1.8.1 -> andro
idx.activity:activity:1.8.1 -> androidx.annotation:annotation:1.6.0 -> androidx.annotation:annotation-jvm:1.6.0
:app:debugRuntimeClasspath -> androidx.activity:activity-compose:1.8.1 -> androidx.activity:activity-ktx:1.8.1 -> andro
idx.activity:activity:1.8.1 -> androidx.core:core:1.12.0
:app:debugRuntimeClasspath -> androidx.activity:activity-compose:1.8.1 -> androidx.activity:activity-ktx:1.8.1 -> andro
idx.activity:activity:1.8.1 -> androidx.core:core:1.12.0 -> androidx.annotation:annotation-experimental:1.3.0
:app:debugRuntimeClasspath -> androidx.activity:activity-compose:1.8.1 -> androidx.activity:activity-ktx:1.8.1 -> andro
idx.activity:activity:1.8.1 -> androidx.collection:collection:1.1.0
:app:debugRuntimeClasspath -> androidx.activity:activity-compose:1.8.1 -> androidx.activity:activity-ktx:1.8.1 -> andro
idx.activity:activity:1.8.1 -> androidx.core:core:1.12.0 -> androidx.concurrent:concurrent-futures:1.1.0
:app:debugRuntimeClasspath -> androidx.activity:activity-compose:1.8.1 -> androidx.activity:activity-ktx:1.8.1 -> andro
idx.activity:activity:1.8.1 -> androidx.core:core:1.12.0 -> androidx.interpolator:interpolator:1.0.0
:app:debugRuntimeClasspath -> androidx.compose.material3:material3:1.1.2 -> androidx.lifecycle:lifecycle-runtime:2.6.2
:app:debugRuntimeClasspath -> androidx.compose:compose-bom:2023.10.01 -> androidx.compose.foundation:foundation-android
:1.5.4 -> androidx.emoji2:emoji2:1.4.0 -> androidx.lifecycle:lifecycle-process:2.6.2 -> androidx.lifecycle:lifecycle-li
vedata-core:2.6.2 -> androidx.arch.core:core-common:2.2.0
:app:debugRuntimeClasspath -> androidx.compose:compose-bom:2023.10.01 -> androidx.compose.foundation:foundation-android
:1.5.4 -> androidx.emoji2:emoji2:1.4.0 -> androidx.lifecycle:lifecycle-process:2.6.2 -> androidx.lifecycle:lifecycle-li
vedata-core:2.6.2 -> androidx.arch.core:core-runtime:2.2.0
:app:debugRuntimeClasspath -> androidx.compose:compose-bom:2023.10.01 -> androidx.compose.foundation:foundation-android
:1.5.4 -> androidx.emoji2:emoji2:1.4.0 -> androidx.lifecycle:lifecycle-process:2.6.2 -> androidx.lifecycle:lifecycle-co
mmon:2.6.2
:app:debugRuntimeClasspath -> androidx.compose.material3:material3:1.1.2 -> androidx.lifecycle:lifecycle-common-java8:2
.6.2
:app:debugRuntimeClasspath -> androidx.lifecycle:lifecycle-runtime-ktx:2.6.2
:app:debugRuntimeClasspath -> androidx.lifecycle:lifecycle-service:2.6.2
:app:debugRuntimeClasspath -> androidx.compose.material3:material3:1.1.2 -> androidx.lifecycle:lifecycle-viewmodel:2.6.
2
:app:debugRuntimeClasspath -> androidx.activity:activity-compose:1.8.1 -> androidx.activity:activity:1.8.1 -> androidx.
activity:activity-ktx:1.8.1 -> androidx.lifecycle:lifecycle-viewmodel-ktx:2.6.2
:app:debugRuntimeClasspath -> androidx.activity:activity-compose:1.8.1 -> androidx.activity:activity-ktx:1.8.1 -> andro
idx.activity:activity:1.8.1 -> androidx.lifecycle:lifecycle-viewmodel-savedstate:2.6.2
:app:debugRuntimeClasspath -> androidx.compose:compose-bom:2023.10.01 -> androidx.compose.foundation:foundation-android
:1.5.4 -> androidx.emoji2:emoji2:1.4.0 -> androidx.lifecycle:lifecycle-process:2.6.2 -> androidx.lifecycle:lifecycle-li
vedata-core:2.6.2
:app:debugRuntimeClasspath -> androidx.compose:compose-bom:2023.10.01 -> androidx.compose.foundation:foundation-android
:1.5.4 -> androidx.emoji2:emoji2:1.4.0 -> androidx.lifecycle:lifecycle-process:2.6.2
:app:debugRuntimeClasspath -> androidx.compose:compose-bom:2023.10.01 -> androidx.compose.foundation:foundation-android
:1.5.4 -> androidx.emoji2:emoji2:1.4.0 -> androidx.startup:startup-runtime:1.1.1
:app:debugRuntimeClasspath -> androidx.activity:activity-compose:1.8.1 -> androidx.activity:activity-ktx:1.8.1 -> andro
idx.activity:activity:1.8.1 -> androidx.tracing:tracing:1.0.0
:app:debugRuntimeClasspath -> androidx.activity:activity-compose:1.8.1 -> androidx.activity:activity-ktx:1.8.1 -> andro
idx.activity:activity:1.8.1 -> androidx.savedstate:savedstate:1.2.1
:app:debugRuntimeClasspath -> androidx.compose.material3:material3:1.1.2 -> androidx.savedstate:savedstate-ktx:1.2.1
:app:debugRuntimeClasspath -> androidx.activity:activity-compose:1.8.1 -> androidx.activity:activity-ktx:1.8.1 -> andro
idx.activity:activity:1.8.1 -> androidx.profileinstaller:profileinstaller:1.3.0
:app:debugRuntimeClasspath -> androidx.activity:activity-compose:1.8.1 -> androidx.activity:activity-ktx:1.8.1 -> andro
idx.activity:activity:1.8.1 -> androidx.core:core:1.12.0 -> androidx.versionedparcelable:versionedparcelable:1.1.1
:app:debugRuntimeClasspath -> androidx.activity:activity-compose:1.8.1
:app:debugRuntimeClasspath -> androidx.activity:activity-compose:1.8.1 -> androidx.activity:activity:1.8.1 -> androidx.
activity:activity-ktx:1.8.1
:app:debugRuntimeClasspath -> androidx.activity:activity-compose:1.8.1 -> androidx.activity:activity-ktx:1.8.1 -> andro
idx.activity:activity:1.8.1
:app:debugRuntimeClasspath -> androidx.compose:compose-bom:2023.10.01 -> androidx.compose.runtime:runtime:1.5.4
:app:debugRuntimeClasspath -> androidx.compose:compose-bom:2023.10.01 -> androidx.compose.runtime:runtime-android:1.5.4
:app:debugRuntimeClasspath -> androidx.compose:compose-bom:2023.10.01 -> androidx.compose.runtime:runtime-saveable:1.5.
4
:app:debugRuntimeClasspath -> androidx.compose:compose-bom:2023.10.01 -> androidx.compose.runtime:runtime-saveable-andr
oid:1.5.4
:app:debugRuntimeClasspath -> androidx.compose.ui:ui:1.5.4
:app:debugRuntimeClasspath -> androidx.compose:compose-bom:2023.10.01 -> androidx.compose.ui:ui-android:1.5.4
:app:debugRuntimeClasspath -> androidx.compose:compose-bom:2023.10.01 -> androidx.compose.ui:ui-android:1.5.4 -> androi
dx.autofill:autofill:1.0.0
:app:debugRuntimeClasspath -> androidx.compose:compose-bom:2023.10.01 -> androidx.compose.ui:ui-geometry:1.5.4
:app:debugRuntimeClasspath -> androidx.compose:compose-bom:2023.10.01 -> androidx.compose.ui:ui-geometry-android:1.5.4
:app:debugRuntimeClasspath -> androidx.compose:compose-bom:2023.10.01 -> androidx.compose.ui:ui-util:1.5.4
:app:debugRuntimeClasspath -> androidx.compose:compose-bom:2023.10.01 -> androidx.compose.ui:ui-util-android:1.5.4
:app:debugRuntimeClasspath -> androidx.compose.ui:ui-graphics:1.5.4
:app:debugRuntimeClasspath -> androidx.compose:compose-bom:2023.10.01 -> androidx.compose.ui:ui-graphics-android:1.5.4
:app:debugRuntimeClasspath -> androidx.compose:compose-bom:2023.10.01 -> androidx.compose.ui:ui-unit:1.5.4
:app:debugRuntimeClasspath -> androidx.compose:compose-bom:2023.10.01 -> androidx.compose.ui:ui-unit-android:1.5.4
:app:debugRuntimeClasspath -> androidx.compose:compose-bom:2023.10.01 -> androidx.compose.ui:ui-text:1.5.4
:app:debugRuntimeClasspath -> androidx.compose:compose-bom:2023.10.01 -> androidx.compose.ui:ui-text-android:1.5.4
:app:debugRuntimeClasspath -> androidx.compose:compose-bom:2023.10.01 -> androidx.compose.foundation:foundation-android
:1.5.4 -> androidx.emoji2:emoji2:1.4.0
:app:debugRuntimeClasspath -> androidx.compose.ui:ui-tooling-preview:1.5.4
:app:debugRuntimeClasspath -> androidx.compose:compose-bom:2023.10.01 -> androidx.compose.ui:ui-tooling-preview-android
:1.5.4
:app:debugRuntimeClasspath -> androidx.compose:compose-bom:2023.10.01 -> androidx.compose.ui:ui-android:1.5.4 -> androi
dx.customview:customview-poolingcontainer:1.0.0
:app:debugRuntimeClasspath -> androidx.compose:compose-bom:2023.10.01 -> androidx.compose.foundation:foundation:1.5.4
:app:debugRuntimeClasspath -> androidx.compose:compose-bom:2023.10.01 -> androidx.compose.foundation:foundation-android
:1.5.4
:app:debugRuntimeClasspath -> androidx.compose:compose-bom:2023.10.01 -> androidx.compose.animation:animation:1.5.4
:app:debugRuntimeClasspath -> androidx.compose:compose-bom:2023.10.01 -> androidx.compose.animation:animation-android:1
.5.4
:app:debugRuntimeClasspath -> androidx.compose:compose-bom:2023.10.01 -> androidx.compose.animation:animation-core:1.5.
4
:app:debugRuntimeClasspath -> androidx.compose:compose-bom:2023.10.01 -> androidx.compose.animation:animation-core-andr
oid:1.5.4
:app:debugRuntimeClasspath -> androidx.compose:compose-bom:2023.10.01 -> androidx.compose.foundation:foundation-layout:
1.5.4
:app:debugRuntimeClasspath -> androidx.compose:compose-bom:2023.10.01 -> androidx.compose.foundation:foundation-layout-
android:1.5.4
:app:debugRuntimeClasspath -> androidx.compose:compose-bom:2023.10.01
:app:debugRuntimeClasspath -> androidx.compose.material3:material3:1.1.2
:app:debugRuntimeClasspath -> androidx.compose:compose-bom:2023.10.01 -> androidx.compose.material:material-icons-core:
1.5.4
:app:debugRuntimeClasspath -> androidx.compose:compose-bom:2023.10.01 -> androidx.compose.material:material-icons-core-
android:1.5.4
:app:debugRuntimeClasspath -> androidx.compose:compose-bom:2023.10.01 -> androidx.compose.material:material-ripple:1.5.
4
:app:debugRuntimeClasspath -> androidx.compose:compose-bom:2023.10.01 -> androidx.compose.material:material-ripple-andr
oid:1.5.4
	at com.android.builder.errors.IssueReporter.reportError(IssueReporter.kt:118)
	at com.android.builder.errors.IssueReporter.reportError$default(IssueReporter.kt:114)
	at com.android.build.gradle.internal.dependency.AndroidXDependencyCheck$AndroidXDisabledJetifierDisabled.execute(Andro
idXDependencyCheck.kt:72)
	at com.android.build.gradle.internal.dependency.AndroidXDependencyCheck$AndroidXDisabledJetifierDisabled.execute(Andro
idXDependencyCheck.kt:40)
	at org.gradle.internal.code.DefaultUserCodeApplicationContext$CurrentApplication$1.execute(DefaultUserCodeApplicationC
ontext.java:122)
	at org.gradle.internal.event.BroadcastDispatch$ActionInvocationHandler.dispatch(BroadcastDispatch.java:99)
	at org.gradle.internal.event.BroadcastDispatch$ActionInvocationHandler.dispatch(BroadcastDispatch.java:87)
	at org.gradle.internal.event.AbstractBroadcastDispatch.dispatch(AbstractBroadcastDispatch.java:43)
	at org.gradle.internal.event.BroadcastDispatch$SingletonDispatch.dispatch(BroadcastDispatch.java:268)
	at org.gradle.internal.event.BroadcastDispatch$SingletonDispatch.dispatch(BroadcastDispatch.java:170)
	at org.gradle.internal.event.AbstractBroadcastDispatch.dispatch(AbstractBroadcastDispatch.java:83)
	at org.gradle.internal.event.AbstractBroadcastDispatch.dispatch(AbstractBroadcastDispatch.java:69)
	at org.gradle.internal.event.BroadcastDispatch$CompositeDispatch.dispatch(BroadcastDispatch.java:381)
	at org.gradle.internal.event.BroadcastDispatch$CompositeDispatch.dispatch(BroadcastDispatch.java:272)
	at org.gradle.internal.event.ListenerBroadcast.dispatch(ListenerBroadcast.java:148)
	at org.gradle.internal.event.ListenerBroadcast.dispatch(ListenerBroadcast.java:37)
	at org.gradle.internal.dispatch.ProxyDispatchAdapter$DispatchingInvocationHandler.invoke(ProxyDispatchAdapter.java:94)
	at jdk.proxy1/jdk.proxy1.$Proxy59.afterResolve(Unknown Source)
	at org.gradle.api.internal.artifacts.configurations.DefaultConfiguration$1.call(DefaultConfiguration.java:766)
	at org.gradle.api.internal.artifacts.configurations.DefaultConfiguration$1.call(DefaultConfiguration.java:739)
	at org.gradle.internal.operations.DefaultBuildOperationRunner$CallableBuildOperationWorker.execute(DefaultBuildOperati
onRunner.java:200)
	at org.gradle.internal.operations.DefaultBuildOperationRunner$CallableBuildOperationWorker.execute(DefaultBuildOperati
onRunner.java:195)
	at org.gradle.internal.operations.DefaultBuildOperationRunner$2.execute(DefaultBuildOperationRunner.java:66)
	at org.gradle.internal.operations.DefaultBuildOperationRunner$2.execute(DefaultBuildOperationRunner.java:59)
	at org.gradle.internal.operations.DefaultBuildOperationRunner.execute(DefaultBuildOperationRunner.java:157)
	at org.gradle.internal.operations.DefaultBuildOperationRunner.execute(DefaultBuildOperationRunner.java:59)
	at org.gradle.internal.operations.DefaultBuildOperationRunner.call(DefaultBuildOperationRunner.java:53)
	at org.gradle.internal.operations.DefaultBuildOperationExecutor.call(DefaultBuildOperationExecutor.java:73)
	at org.gradle.api.internal.artifacts.configurations.DefaultConfiguration.resolveGraphInBuildOperation(DefaultConfigura
tion.java:739)
	at org.gradle.api.internal.artifacts.configurations.DefaultConfiguration.lambda$resolveExclusivelyIfRequired$6(Default
Configuration.java:731)
	at org.gradle.api.internal.project.DefaultProjectStateRegistry$CalculatedModelValueImpl.update(DefaultProjectStateRegi
stry.java:505)
	at org.gradle.api.internal.artifacts.configurations.DefaultConfiguration.resolveExclusivelyIfRequired(DefaultConfigura
tion.java:723)
	at org.gradle.api.internal.artifacts.configurations.DefaultConfiguration.resolveGraphIfRequired(DefaultConfiguration.j
ava:716)
	at org.gradle.api.internal.artifacts.configurations.DefaultConfiguration.access$500(DefaultConfiguration.java:154)
	at org.gradle.api.internal.artifacts.configurations.DefaultConfiguration$ResolverResultsResolutionResultProvider.getVa
lue(DefaultConfiguration.java:690)
	at org.gradle.api.internal.artifacts.configurations.DefaultConfiguration$ResolverResultsResolutionResultProvider.getVa
lue(DefaultConfiguration.java:651)
	at org.gradle.api.internal.artifacts.configurations.ResolutionResultProvider$1.getValue(ResolutionResultProvider.java:
53)
	at org.gradle.api.internal.artifacts.configurations.DefaultConfiguration$ConfigurationResolvableDependencies$Configura
tionResolvingMinimalResolutionResult.getDelegate(DefaultConfiguration.java:1946)
	at org.gradle.api.internal.artifacts.configurations.DefaultConfiguration$ConfigurationResolvableDependencies$Configura
tionResolvingMinimalResolutionResult.getRootSource(DefaultConfiguration.java:1955)
	at org.gradle.api.internal.artifacts.result.DefaultResolutionResult.getRoot(DefaultResolutionResult.java:48)
	at org.gradle.api.internal.artifacts.result.DefaultResolutionResult.getAllComponents(DefaultResolutionResult.java:81)
	at org.gradle.api.internal.artifacts.configurations.DefaultConfiguration.getConsistentResolutionConstraints(DefaultCon
figuration.java:828)
	at org.gradle.api.internal.artifacts.configurations.DefaultConfiguration.generateSyntheticDependencies(DefaultConfigur
ation.java:1301)
	at org.gradle.internal.lazy.UnsafeLazy.get(UnsafeLazy.java:35)
	at org.gradle.api.internal.artifacts.configurations.DefaultConfiguration.getSyntheticDependencies(DefaultConfiguration
.java:1278)
	at org.gradle.api.internal.artifacts.configurations.DefaultUnlockedConfiguration_Decorated.getSyntheticDependencies(Un
known Source)
	at org.gradle.api.internal.artifacts.ivyservice.DefaultConfigurationResolver.doResolve(DefaultConfigurationResolver.ja
va:371)
	at org.gradle.api.internal.artifacts.ivyservice.DefaultConfigurationResolver.resolveGraph(DefaultConfigurationResolver
.java:265)
	at org.gradle.api.internal.artifacts.ivyservice.ShortCircuitEmptyConfigurationResolver.resolveGraph(ShortCircuitEmptyC
onfigurationResolver.java:90)
	at org.gradle.api.internal.artifacts.configurations.DefaultConfiguration$1.call(DefaultConfiguration.java:750)
	at org.gradle.api.internal.artifacts.configurations.DefaultConfiguration$1.call(DefaultConfiguration.java:739)
	at org.gradle.internal.operations.DefaultBuildOperationRunner$CallableBuildOperationWorker.execute(DefaultBuildOperati
onRunner.java:200)
	at org.gradle.internal.operations.DefaultBuildOperationRunner$CallableBuildOperationWorker.execute(DefaultBuildOperati
onRunner.java:195)
	at org.gradle.internal.operations.DefaultBuildOperationRunner$2.execute(DefaultBuildOperationRunner.java:66)
	at org.gradle.internal.operations.DefaultBuildOperationRunner$2.execute(DefaultBuildOperationRunner.java:59)
	at org.gradle.internal.operations.DefaultBuildOperationRunner.execute(DefaultBuildOperationRunner.java:157)
	at org.gradle.internal.operations.DefaultBuildOperationRunner.execute(DefaultBuildOperationRunner.java:59)
	at org.gradle.internal.operations.DefaultBuildOperationRunner.call(DefaultBuildOperationRunner.java:53)
	at org.gradle.internal.operations.DefaultBuildOperationExecutor.call(DefaultBuildOperationExecutor.java:73)
	at org.gradle.api.internal.artifacts.configurations.DefaultConfiguration.resolveGraphInBuildOperation(DefaultConfigura
tion.java:739)
	at org.gradle.api.internal.artifacts.configurations.DefaultConfiguration.lambda$resolveExclusivelyIfRequired$6(Default
Configuration.java:731)
	at org.gradle.api.internal.project.DefaultProjectStateRegistry$CalculatedModelValueImpl.update(DefaultProjectStateRegi
stry.java:505)
	at org.gradle.api.internal.artifacts.configurations.DefaultConfiguration.resolveExclusivelyIfRequired(DefaultConfigura
tion.java:723)
	at org.gradle.api.internal.artifacts.configurations.DefaultConfiguration.resolveGraphIfRequired(DefaultConfiguration.j
ava:716)
	at org.gradle.api.internal.artifacts.configurations.DefaultConfiguration.access$500(DefaultConfiguration.java:154)
	at org.gradle.api.internal.artifacts.configurations.DefaultConfiguration$ResolverResultsResolutionResultProvider.getVa
lue(DefaultConfiguration.java:690)
	at org.gradle.api.internal.artifacts.configurations.DefaultConfiguration$ResolverResultsResolutionResultProvider.getVa
lue(DefaultConfiguration.java:651)
	at org.gradle.api.internal.artifacts.configurations.ResolutionResultProvider$1.getValue(ResolutionResultProvider.java:
53)
	at org.gradle.api.internal.artifacts.configurations.ResolutionBackedFileCollection.getSelectedArtifacts(ResolutionBack
edFileCollection.java:95)
	at org.gradle.api.internal.artifacts.configurations.ResolutionBackedFileCollection.visitContents(ResolutionBackedFileC
ollection.java:73)
	at org.gradle.api.internal.file.AbstractFileCollection.visitStructure(AbstractFileCollection.java:361)
	at org.gradle.api.internal.file.CompositeFileCollection.lambda$visitContents$0(CompositeFileCollection.java:113)
	at org.gradle.api.internal.file.collections.UnpackingVisitor.add(UnpackingVisitor.java:67)
	at org.gradle.api.internal.file.collections.DefaultConfigurableFileCollection$UnresolvedItemsCollector.visitContents(D
efaultConfigurableFileCollection.java:593)
	at org.gradle.api.internal.file.collections.DefaultConfigurableFileCollection.visitChildren(DefaultConfigurableFileCol
lection.java:440)
	at org.gradle.api.internal.file.CompositeFileCollection.visitContents(CompositeFileCollection.java:113)
	at org.gradle.api.internal.file.AbstractFileCollection.getFiles(AbstractFileCollection.java:124)
	at org.gradle.api.internal.file.AbstractFileCollection.iterator(AbstractFileCollection.java:165)
	at org.gradle.api.internal.file.FilteredFileCollection.iterator(FilteredFileCollection.java:79)
	at org.gradle.api.internal.file.FileCollectionBackedFileTree$2.visitCollection(FileCollectionBackedFileTree.java:102)
	at org.gradle.api.internal.file.AbstractFileCollection.visitContents(AbstractFileCollection.java:366)
	at org.gradle.api.internal.file.AbstractFileCollection.visitStructure(AbstractFileCollection.java:361)
	at org.gradle.api.internal.file.CompositeFileCollection.lambda$visitContents$0(CompositeFileCollection.java:113)
	at org.gradle.api.internal.file.collections.UnpackingVisitor.add(UnpackingVisitor.java:67)
	at org.gradle.api.internal.file.collections.DefaultConfigurableFileCollection$UnresolvedItemsCollector.visitContents(D
efaultConfigurableFileCollection.java:593)
	at org.gradle.api.internal.file.collections.DefaultConfigurableFileCollection.visitChildren(DefaultConfigurableFileCol
lection.java:440)
	at org.gradle.api.internal.file.CompositeFileCollection.visitContents(CompositeFileCollection.java:113)
	at org.gradle.api.internal.file.AbstractFileCollection.visitStructure(AbstractFileCollection.java:361)
	at org.gradle.api.internal.file.FileCollectionBackedFileTree.visitContents(FileCollectionBackedFileTree.java:96)
	at org.gradle.api.internal.file.FileCollectionBackedFileTree.visitContentsAsFileTrees(FileCollectionBackedFileTree.jav
a:76)
	at org.gradle.api.internal.file.FilteredFileTree.visitChildren(FilteredFileTree.java:67)
	at org.gradle.api.internal.file.CompositeFileCollection.visitContents(CompositeFileCollection.java:113)
	at org.gradle.api.internal.file.AbstractFileCollection.visitStructure(AbstractFileCollection.java:361)
	at org.gradle.api.internal.file.CompositeFileCollection.lambda$visitContents$0(CompositeFileCollection.java:113)
	at org.gradle.api.internal.file.collections.UnpackingVisitor.add(UnpackingVisitor.java:67)
	at org.gradle.api.internal.file.collections.UnpackingVisitor.add(UnpackingVisitor.java:92)
	at org.gradle.api.internal.file.DefaultFileCollectionFactory$ResolvingFileCollection.visitChildren(DefaultFileCollecti
onFactory.java:285)
	at org.gradle.api.internal.file.CompositeFileCollection.visitContents(CompositeFileCollection.java:113)
	at org.gradle.api.internal.file.AbstractFileCollection.visitStructure(AbstractFileCollection.java:361)
	at org.gradle.api.internal.file.CompositeFileCollection.lambda$visitContents$0(CompositeFileCollection.java:113)
	at org.gradle.api.internal.tasks.PropertyFileCollection.visitChildren(PropertyFileCollection.java:48)
	at org.gradle.api.internal.file.CompositeFileCollection.visitContents(CompositeFileCollection.java:113)
	at org.gradle.api.internal.file.AbstractFileCollection.visitStructure(AbstractFileCollection.java:361)
	at org.gradle.internal.fingerprint.impl.DefaultFileCollectionSnapshotter.snapshot(DefaultFileCollectionSnapshotter.jav
a:47)
	at org.gradle.internal.execution.impl.DefaultInputFingerprinter$InputCollectingVisitor.visitInputFileProperty(DefaultI
nputFingerprinter.java:133)
	at org.gradle.api.internal.tasks.execution.TaskExecution.visitRegularInputs(TaskExecution.java:324)
	at org.gradle.internal.execution.impl.DefaultInputFingerprinter.fingerprintInputProperties(DefaultInputFingerprinter.j
ava:63)
	at org.gradle.internal.execution.steps.AbstractCaptureStateBeforeExecutionStep.captureExecutionStateWithOutputs(Abstra
ctCaptureStateBeforeExecutionStep.java:109)
	at org.gradle.internal.execution.steps.AbstractCaptureStateBeforeExecutionStep.lambda$captureExecutionState$0(Abstract
CaptureStateBeforeExecutionStep.java:74)
	at org.gradle.internal.execution.steps.BuildOperationStep$1.call(BuildOperationStep.java:37)
	at org.gradle.internal.operations.DefaultBuildOperationRunner$CallableBuildOperationWorker.execute(DefaultBuildOperati
onRunner.java:200)
	at org.gradle.internal.operations.DefaultBuildOperationRunner$CallableBuildOperationWorker.execute(DefaultBuildOperati
onRunner.java:195)
	at org.gradle.internal.operations.DefaultBuildOperationRunner$2.execute(DefaultBuildOperationRunner.java:66)
	at org.gradle.internal.operations.DefaultBuildOperationRunner$2.execute(DefaultBuildOperationRunner.java:59)
	at org.gradle.internal.operations.DefaultBuildOperationRunner.execute(DefaultBuildOperationRunner.java:157)
	at org.gradle.internal.operations.DefaultBuildOperationRunner.execute(DefaultBuildOperationRunner.java:59)
	at org.gradle.internal.operations.DefaultBuildOperationRunner.call(DefaultBuildOperationRunner.java:53)
	at org.gradle.internal.operations.DefaultBuildOperationExecutor.call(DefaultBuildOperationExecutor.java:73)
	at org.gradle.internal.execution.steps.BuildOperationStep.operation(BuildOperationStep.java:34)
	at org.gradle.internal.execution.steps.AbstractCaptureStateBeforeExecutionStep.captureExecutionState(AbstractCaptureSt
ateBeforeExecutionStep.java:69)
	at org.gradle.internal.execution.steps.AbstractCaptureStateBeforeExecutionStep.execute(AbstractCaptureStateBeforeExecu
tionStep.java:62)
	at org.gradle.internal.execution.steps.AbstractCaptureStateBeforeExecutionStep.execute(AbstractCaptureStateBeforeExecu
tionStep.java:43)
	at org.gradle.internal.execution.steps.AbstractSkipEmptyWorkStep.executeWithNonEmptySources(AbstractSkipEmptyWorkStep.
java:125)
	at org.gradle.internal.execution.steps.AbstractSkipEmptyWorkStep.execute(AbstractSkipEmptyWorkStep.java:56)
	at org.gradle.internal.execution.steps.AbstractSkipEmptyWorkStep.execute(AbstractSkipEmptyWorkStep.java:36)
	at org.gradle.internal.execution.steps.legacy.MarkSnapshottingInputsStartedStep.execute(MarkSnapshottingInputsStartedS
tep.java:38)
	at org.gradle.internal.execution.steps.LoadPreviousExecutionStateStep.execute(LoadPreviousExecutionStateStep.java:36)
	at org.gradle.internal.execution.steps.LoadPreviousExecutionStateStep.execute(LoadPreviousExecutionStateStep.java:23)
	at org.gradle.internal.execution.steps.HandleStaleOutputsStep.execute(HandleStaleOutputsStep.java:75)
	at org.gradle.internal.execution.steps.HandleStaleOutputsStep.execute(HandleStaleOutputsStep.java:41)
	at org.gradle.internal.execution.steps.AssignMutableWorkspaceStep.lambda$execute$0(AssignMutableWorkspaceStep.java:35)
	at org.gradle.api.internal.tasks.execution.TaskExecution$4.withWorkspace(TaskExecution.java:289)
	at org.gradle.internal.execution.steps.AssignMutableWorkspaceStep.execute(AssignMutableWorkspaceStep.java:31)
	at org.gradle.internal.execution.steps.AssignMutableWorkspaceStep.execute(AssignMutableWorkspaceStep.java:22)
	at org.gradle.internal.execution.steps.ChoosePipelineStep.execute(ChoosePipelineStep.java:40)
	at org.gradle.internal.execution.steps.ChoosePipelineStep.execute(ChoosePipelineStep.java:23)
	at org.gradle.internal.execution.steps.ExecuteWorkBuildOperationFiringStep.lambda$execute$2(ExecuteWorkBuildOperationF
iringStep.java:67)
	at org.gradle.internal.execution.steps.ExecuteWorkBuildOperationFiringStep.execute(ExecuteWorkBuildOperationFiringStep
.java:67)
	at org.gradle.internal.execution.steps.ExecuteWorkBuildOperationFiringStep.execute(ExecuteWorkBuildOperationFiringStep
.java:39)
	at org.gradle.internal.execution.steps.IdentityCacheStep.execute(IdentityCacheStep.java:46)
	at org.gradle.internal.execution.steps.IdentityCacheStep.execute(IdentityCacheStep.java:34)
	at org.gradle.internal.execution.steps.IdentifyStep.execute(IdentifyStep.java:48)
	at org.gradle.internal.execution.steps.IdentifyStep.execute(IdentifyStep.java:35)
	at org.gradle.internal.execution.impl.DefaultExecutionEngine$1.execute(DefaultExecutionEngine.java:61)
	at org.gradle.api.internal.tasks.execution.ExecuteActionsTaskExecuter.executeIfValid(ExecuteActionsTaskExecuter.java:1
27)
	at org.gradle.api.internal.tasks.execution.ExecuteActionsTaskExecuter.execute(ExecuteActionsTaskExecuter.java:116)
	at org.gradle.api.internal.tasks.execution.FinalizePropertiesTaskExecuter.execute(FinalizePropertiesTaskExecuter.java:
46)
	at org.gradle.api.internal.tasks.execution.ResolveTaskExecutionModeExecuter.execute(ResolveTaskExecutionModeExecuter.j
ava:51)
	at org.gradle.api.internal.tasks.execution.SkipTaskWithNoActionsExecuter.execute(SkipTaskWithNoActionsExecuter.java:57
)
	at org.gradle.api.internal.tasks.execution.SkipOnlyIfTaskExecuter.execute(SkipOnlyIfTaskExecuter.java:74)
	at org.gradle.api.internal.tasks.execution.CatchExceptionTaskExecuter.execute(CatchExceptionTaskExecuter.java:36)
	at org.gradle.api.internal.tasks.execution.EventFiringTaskExecuter$1.executeTask(EventFiringTaskExecuter.java:77)
	at org.gradle.api.internal.tasks.execution.EventFiringTaskExecuter$1.call(EventFiringTaskExecuter.java:55)
	at org.gradle.api.internal.tasks.execution.EventFiringTaskExecuter$1.call(EventFiringTaskExecuter.java:52)
	at org.gradle.internal.operations.DefaultBuildOperationRunner$CallableBuildOperationWorker.execute(DefaultBuildOperati
onRunner.java:200)
	at org.gradle.internal.operations.DefaultBuildOperationRunner$CallableBuildOperationWorker.execute(DefaultBuildOperati
onRunner.java:195)
	at org.gradle.internal.operations.DefaultBuildOperationRunner$2.execute(DefaultBuildOperationRunner.java:66)
	at org.gradle.internal.operations.DefaultBuildOperationRunner$2.execute(DefaultBuildOperationRunner.java:59)
	at org.gradle.internal.operations.DefaultBuildOperationRunner.execute(DefaultBuildOperationRunner.java:157)
	at org.gradle.internal.operations.DefaultBuildOperationRunner.execute(DefaultBuildOperationRunner.java:59)
	at org.gradle.internal.operations.DefaultBuildOperationRunner.call(DefaultBuildOperationRunner.java:53)
	at org.gradle.internal.operations.DefaultBuildOperationExecutor.call(DefaultBuildOperationExecutor.java:73)
	at org.gradle.api.internal.tasks.execution.EventFiringTaskExecuter.execute(EventFiringTaskExecuter.java:52)
	at org.gradle.execution.plan.LocalTaskNodeExecutor.execute(LocalTaskNodeExecutor.java:42)
	at org.gradle.execution.taskgraph.DefaultTaskExecutionGraph$InvokeNodeExecutorsAction.execute(DefaultTaskExecutionGrap
h.java:331)
	at org.gradle.execution.taskgraph.DefaultTaskExecutionGraph$InvokeNodeExecutorsAction.execute(DefaultTaskExecutionGrap
h.java:318)
	at org.gradle.execution.taskgraph.DefaultTaskExecutionGraph$BuildOperationAwareExecutionAction.lambda$execute$0(Defaul
tTaskExecutionGraph.java:314)
	at org.gradle.internal.operations.CurrentBuildOperationRef.with(CurrentBuildOperationRef.java:80)
	at org.gradle.execution.taskgraph.DefaultTaskExecutionGraph$BuildOperationAwareExecutionAction.execute(DefaultTaskExec
utionGraph.java:314)
	at org.gradle.execution.taskgraph.DefaultTaskExecutionGraph$BuildOperationAwareExecutionAction.execute(DefaultTaskExec
utionGraph.java:303)
	at org.gradle.execution.plan.DefaultPlanExecutor$ExecutorWorker.execute(DefaultPlanExecutor.java:463)
	at org.gradle.execution.plan.DefaultPlanExecutor$ExecutorWorker.run(DefaultPlanExecutor.java:380)
	at org.gradle.internal.concurrent.ExecutorPolicy$CatchAndRecordFailures.onExecute(ExecutorPolicy.java:64)
	at org.gradle.internal.concurrent.AbstractManagedExecutor$1.run(AbstractManagedExecutor.java:47)


BUILD FAILED in 3s
5 actionable tasks: 4 executed, 1 up-to-date
